14 tests passed
